<html>
<body>
<pre>
<h1>µVision Build Log</h1>
<h2>Project:</h2>
C:\Users\KUBA\Downloads\Szkielet projektu LPC1114\Szkielet_Projektu_LPC1114.uvproj
Project File Date:  10/14/2016

<h2>Output:</h2>
Build target 'Szkielet_Projektu_LPC1114'
compiling Szkielet_main.c...
compiling IRQ_SysTick.c...
linking...
Program Size: Code=2928 RO-data=388 RW-data=44 ZI-data=612  
".\Objects\Szkielet_Projektu_LPC1114.axf" - 0 Error(s), 0 Warning(s).
</pre>
</body>
</html>
ge symbols.
Not enough information to list the image map.
Finished: 2 information, 0 warning and 1 error messages.
".\Objects\Szkielet_Projektu_LPC1114.axf" - 1 Error(s), 0 Warning(s).
Target not created
ist image symbols.
Finished: 1 information, 0 warning and 1 error messages.
".\Objects\Szkielet_Projektu_LPC1114.axf" - 1 Error(s), 1 Warning(s).
Target not created
